{
  "workflowRunCount" : 9,
  "studies" : [ "Liposarcoma Sequencing" ],
  "sequencerRuns" : [ "150529_D00353_0104_AC6DBAANXX", "150617_D00331_0137_BC6VU3ANXX", "150721_D00355_0089_AC6C9UANXX" ],
  "lanes" : [ "150529_D00353_0104_AC6DBAANXX_lane_4", "150617_D00331_0137_BC6VU3ANXX_lane_8", "150721_D00355_0089_AC6C9UANXX_lane_4", "150721_D00355_0089_AC6C9UANXX_lane_5", "150721_D00355_0089_AC6C9UANXX_lane_6", "150721_D00355_0089_AC6C9UANXX_lane_7" ],
  "samples" : [ "LSP_0001_Ad_P_PE_305_WG", "LSP_0001_Ad_P_PE_314_WG", "LSP_0001_Ad_P_PE_315_WG", "LSP_0001_Ad_P_PE_316_WG" ],
  "workflows" : [ "GenomicAlignmentNovoalign_V2.07.15b" ],
  "processingAlgorithms" : [ "ProvisionFiles" ],
  "fileMetaTypes" : [ "application/bam" ],
  "maxInputFiles" : 1,
  "minInputFiles" : 1,
  "totalInputFiles" : 9,
  "workflowRuns" : [ {
    "workflowIni" : {
      "json_metadata" : "{\\\"run name\\\":\\\"150529_D00353_0104_AC6DBAANXX\\\",\\\"instrument\\\":\\\"D00353\\\",\\\"barcode\\\":\\\"CGATGT\\\",\\\"library\\\":\\\"LSP_0001_Ad_P_PE_305_WG\\\",\\\"sample\\\":\\\"LSP_0001_Ad_P_PE\\\",\\\"sample group\\\":\\\"LSP_0001\\\",\\\"lane\\\":4,\\\"sequencing type\\\":\\\"WG\\\",\\\"group id\\\":\\\"1\\\",\\\"group id description\\\":\\\"Well-differentiated Themo&#38;Well-differentiated Thermo\\\",\\\"workflow name\\\":\\\"GenomicAlignmentNovoalign_V2.07.15b\\\",\\\"workflow version\\\":\\\"2.2.1\\\",\\\"last modified\\\":\\\"1433601962089000\\\"}",
      "manual_output" : "false",
      "map_qual_cut" : "30",
      "metadata" : "metadata",
      "normal_insert_max" : "1500",
      "output_dir" : "seqware-results",
      "output_path" : "NA",
      "sample_rate" : "1000",
      "target_bed" : "/oicr/data/genomes/homo_sapiens/UCSC/Genomic/UCSC_hg19_random/hg19_random.genome.sizes.bed"
    },
    "files" : [ {
      "studyTitle" : [ "Liposarcoma Sequencing" ],
      "studyAttributes" : {
        "geo_lab_group_id" : [ [ "201" ] ]
      },
      "experimentName" : [ ],
      "experimentAttributes" : { },
      "sampleName" : [ "LSP_0001_Ad_P_PE_305_WG" ],
      "sampleAttributes" : {
        "geo_external_name" : [ [ "LSP-01", "LSP-01-B2.01" ] ],
        "geo_group_id" : [ [ "1" ] ],
        "geo_group_id_description" : [ [ "Well-differentiated Themo", "Well-differentiated Thermo" ] ],
        "geo_library_source_template_type" : [ [ "WG" ] ],
        "geo_organism" : [ [ "Homo sapiens" ] ],
        "geo_prep_kit" : [ [ "KAPA BC OnBead" ] ],
        "geo_purpose" : [ [ "Library", "Stock" ] ],
        "geo_receive_date" : [ [ "2015-04-30" ] ],
        "geo_run_id_and_position_and_slot" : [ [ "2281_4_1", "2283_8_2", "2286_8_2", "2296_4_1" ] ],
        "geo_str_result" : [ [ "Not Submitted" ] ],
        "geo_template_id" : [ [ "77459", "77460", "77468", "77476", "77519", "77523" ] ],
        "geo_template_type" : [ [ "Identity", "Illumina PE Library", "Illumina PE Library Seq", "Primary Tumor Tissue", "gDNA" ] ],
        "geo_tissue_origin" : [ [ "Ad" ] ],
        "geo_tissue_preparation" : [ [ "FFPE" ] ],
        "geo_tissue_type" : [ [ "P" ] ]
      },
      "sequencerRunName" : [ "150529_D00353_0104_AC6DBAANXX" ],
      "sequencerRunAttributes" : {
        "geo_instrument_run_id" : [ [ "2281" ] ]
      },
      "laneName" : [ "150529_D00353_0104_AC6DBAANXX_lane_4" ],
      "laneAttributes" : {
        "geo_lane" : [ [ "4" ] ]
      },
      "iusTag" : [ "CGATGT" ],
      "iusAttributes" : { },
      "workflowName" : [ "GenomicAlignmentNovoalign_V2.07.15b" ],
      "processingAlgorithm" : [ "ProvisionFiles" ],
      "processingAttributes" : { },
      "fileMetaType" : [ "application/bam" ],
      "fileAttributes" : { },
      "fileId" : 923101898
    } ]
  }, {
    "workflowIni" : {
      "json_metadata" : "{\\\"run name\\\":\\\"150617_D00331_0137_BC6VU3ANXX\\\",\\\"instrument\\\":\\\"D00331\\\",\\\"barcode\\\":\\\"CGATGT\\\",\\\"library\\\":\\\"LSP_0001_Ad_P_PE_305_WG\\\",\\\"sample\\\":\\\"LSP_0001_Ad_P_PE\\\",\\\"sample group\\\":\\\"LSP_0001\\\",\\\"lane\\\":8,\\\"sequencing type\\\":\\\"WG\\\",\\\"group id\\\":\\\"1\\\",\\\"group id description\\\":\\\"Well-differentiated Themo&#38;Well-differentiated Thermo\\\",\\\"workflow name\\\":\\\"GenomicAlignmentNovoalign_V2.07.15b\\\",\\\"workflow version\\\":\\\"2.2.1\\\",\\\"last modified\\\":\\\"1436790806217000\\\"}",
      "manual_output" : "false",
      "map_qual_cut" : "30",
      "metadata" : "metadata",
      "normal_insert_max" : "1500",
      "output_dir" : "seqware-results",
      "output_path" : "NA",
      "sample_rate" : "1000",
      "target_bed" : "/oicr/data/genomes/homo_sapiens/UCSC/Genomic/UCSC_hg19_random/hg19_random.genome.sizes.bed"
    },
    "files" : [ {
      "studyTitle" : [ "Liposarcoma Sequencing" ],
      "studyAttributes" : {
        "geo_lab_group_id" : [ [ "201" ] ]
      },
      "experimentName" : [ ],
      "experimentAttributes" : { },
      "sampleName" : [ "LSP_0001_Ad_P_PE_305_WG" ],
      "sampleAttributes" : {
        "geo_external_name" : [ [ "LSP-01", "LSP-01-B2.01" ] ],
        "geo_group_id" : [ [ "1" ] ],
        "geo_group_id_description" : [ [ "Well-differentiated Themo", "Well-differentiated Thermo" ] ],
        "geo_library_source_template_type" : [ [ "WG" ] ],
        "geo_organism" : [ [ "Homo sapiens" ] ],
        "geo_prep_kit" : [ [ "KAPA BC OnBead" ] ],
        "geo_purpose" : [ [ "Library", "Stock" ] ],
        "geo_receive_date" : [ [ "2015-04-30" ] ],
        "geo_run_id_and_position_and_slot" : [ [ "2281_4_1", "2283_8_2", "2286_8_2", "2296_4_1" ] ],
        "geo_str_result" : [ [ "Not Submitted" ] ],
        "geo_template_id" : [ [ "77459", "77460", "77468", "77476", "77519", "77523" ] ],
        "geo_template_type" : [ [ "Identity", "Illumina PE Library", "Illumina PE Library Seq", "Primary Tumor Tissue", "gDNA" ] ],
        "geo_tissue_origin" : [ [ "Ad" ] ],
        "geo_tissue_preparation" : [ [ "FFPE" ] ],
        "geo_tissue_type" : [ [ "P" ] ]
      },
      "sequencerRunName" : [ "150617_D00331_0137_BC6VU3ANXX" ],
      "sequencerRunAttributes" : {
        "geo_instrument_run_id" : [ [ "2286" ] ]
      },
      "laneName" : [ "150617_D00331_0137_BC6VU3ANXX_lane_8" ],
      "laneAttributes" : {
        "geo_lane" : [ [ "8" ] ]
      },
      "iusTag" : [ "CGATGT" ],
      "iusAttributes" : { },
      "workflowName" : [ "GenomicAlignmentNovoalign_V2.07.15b" ],
      "processingAlgorithm" : [ "ProvisionFiles" ],
      "processingAttributes" : { },
      "fileMetaType" : [ "application/bam" ],
      "fileAttributes" : { },
      "fileId" : -89284017
    } ]
  }, {
    "workflowIni" : {
      "json_metadata" : "{\\\"run name\\\":\\\"150721_D00355_0089_AC6C9UANXX\\\",\\\"instrument\\\":\\\"D00355\\\",\\\"barcode\\\":\\\"CGATGT\\\",\\\"library\\\":\\\"LSP_0001_Ad_P_PE_305_WG\\\",\\\"sample\\\":\\\"LSP_0001_Ad_P_PE\\\",\\\"sample group\\\":\\\"LSP_0001\\\",\\\"lane\\\":4,\\\"sequencing type\\\":\\\"WG\\\",\\\"group id\\\":\\\"1\\\",\\\"group id description\\\":\\\"Well-differentiated Themo&#38;Well-differentiated Thermo\\\",\\\"workflow name\\\":\\\"GenomicAlignmentNovoalign_V2.07.15b\\\",\\\"workflow version\\\":\\\"2.2.1\\\",\\\"last modified\\\":\\\"1438434274534000\\\"}",
      "manual_output" : "false",
      "map_qual_cut" : "30",
      "metadata" : "metadata",
      "normal_insert_max" : "1500",
      "output_dir" : "seqware-results",
      "output_path" : "NA",
      "sample_rate" : "1000",
      "target_bed" : "/oicr/data/genomes/homo_sapiens/UCSC/Genomic/UCSC_hg19_random/hg19_random.genome.sizes.bed"
    },
    "files" : [ {
      "studyTitle" : [ "Liposarcoma Sequencing" ],
      "studyAttributes" : {
        "geo_lab_group_id" : [ [ "201" ] ]
      },
      "experimentName" : [ ],
      "experimentAttributes" : { },
      "sampleName" : [ "LSP_0001_Ad_P_PE_305_WG" ],
      "sampleAttributes" : {
        "geo_external_name" : [ [ "LSP-01", "LSP-01-B2.01" ] ],
        "geo_group_id" : [ [ "1" ] ],
        "geo_group_id_description" : [ [ "Well-differentiated Themo", "Well-differentiated Thermo" ] ],
        "geo_library_source_template_type" : [ [ "WG" ] ],
        "geo_organism" : [ [ "Homo sapiens" ] ],
        "geo_prep_kit" : [ [ "KAPA BC OnBead" ] ],
        "geo_purpose" : [ [ "Library", "Stock" ] ],
        "geo_receive_date" : [ [ "2015-04-30" ] ],
        "geo_run_id_and_position_and_slot" : [ [ "2281_4_1", "2283_8_2", "2286_8_2", "2296_4_1" ] ],
        "geo_str_result" : [ [ "Not Submitted" ] ],
        "geo_template_id" : [ [ "77459", "77460", "77468", "77476", "77519", "77523" ] ],
        "geo_template_type" : [ [ "Identity", "Illumina PE Library", "Illumina PE Library Seq", "Primary Tumor Tissue", "gDNA" ] ],
        "geo_tissue_origin" : [ [ "Ad" ] ],
        "geo_tissue_preparation" : [ [ "FFPE" ] ],
        "geo_tissue_type" : [ [ "P" ] ]
      },
      "sequencerRunName" : [ "150721_D00355_0089_AC6C9UANXX" ],
      "sequencerRunAttributes" : {
        "geo_instrument_run_id" : [ [ "2296" ] ]
      },
      "laneName" : [ "150721_D00355_0089_AC6C9UANXX_lane_4" ],
      "laneAttributes" : {
        "geo_lane" : [ [ "4" ] ]
      },
      "iusTag" : [ "CGATGT" ],
      "iusAttributes" : { },
      "workflowName" : [ "GenomicAlignmentNovoalign_V2.07.15b" ],
      "processingAlgorithm" : [ "ProvisionFiles" ],
      "processingAttributes" : { },
      "fileMetaType" : [ "application/bam" ],
      "fileAttributes" : { },
      "fileId" : 180761585
    } ]
  }, {
    "workflowIni" : {
      "json_metadata" : "{\\\"run name\\\":\\\"150529_D00353_0104_AC6DBAANXX\\\",\\\"instrument\\\":\\\"D00353\\\",\\\"barcode\\\":\\\"TGACCA\\\",\\\"library\\\":\\\"LSP_0001_Ad_P_PE_314_WG\\\",\\\"sample\\\":\\\"LSP_0001_Ad_P_PE\\\",\\\"sample group\\\":\\\"LSP_0001\\\",\\\"lane\\\":4,\\\"sequencing type\\\":\\\"WG\\\",\\\"group id\\\":\\\"1\\\",\\\"group id description\\\":\\\"Well-differentiated Qiagen\\\",\\\"workflow name\\\":\\\"GenomicAlignmentNovoalign_V2.07.15b\\\",\\\"workflow version\\\":\\\"2.2.1\\\",\\\"last modified\\\":\\\"1439496871624000\\\"}",
      "manual_output" : "false",
      "map_qual_cut" : "30",
      "metadata" : "metadata",
      "normal_insert_max" : "1500",
      "output_dir" : "seqware-results",
      "output_path" : "NA",
      "sample_rate" : "1000",
      "target_bed" : "/oicr/data/genomes/homo_sapiens/UCSC/Genomic/UCSC_hg19_random/hg19_random.genome.sizes.bed"
    },
    "files" : [ {
      "studyTitle" : [ "Liposarcoma Sequencing" ],
      "studyAttributes" : {
        "geo_lab_group_id" : [ [ "201" ] ]
      },
      "experimentName" : [ ],
      "experimentAttributes" : { },
      "sampleName" : [ "LSP_0001_Ad_P_PE_314_WG" ],
      "sampleAttributes" : {
        "geo_external_name" : [ [ "LSP-01", "LSP-01-B2.02" ] ],
        "geo_group_id" : [ [ "1" ] ],
        "geo_group_id_description" : [ [ "Well-differentiated Qiagen" ] ],
        "geo_library_source_template_type" : [ [ "WG" ] ],
        "geo_organism" : [ [ "Homo sapiens" ] ],
        "geo_prep_kit" : [ [ "KAPA BC OnBead" ] ],
        "geo_purpose" : [ [ "Library", "Stock" ] ],
        "geo_receive_date" : [ [ "2015-04-30" ] ],
        "geo_run_id_and_position_and_slot" : [ [ "2281_4_1", "2296_5_1" ] ],
        "geo_str_result" : [ [ "Not Submitted" ] ],
        "geo_template_id" : [ [ "77459", "77461", "77469", "77477", "77520", "77524" ] ],
        "geo_template_type" : [ [ "Identity", "Illumina PE Library", "Illumina PE Library Seq", "Primary Tumor Tissue", "gDNA" ] ],
        "geo_tissue_origin" : [ [ "Ad" ] ],
        "geo_tissue_preparation" : [ [ "FFPE" ] ],
        "geo_tissue_type" : [ [ "P" ] ]
      },
      "sequencerRunName" : [ "150529_D00353_0104_AC6DBAANXX" ],
      "sequencerRunAttributes" : {
        "geo_instrument_run_id" : [ [ "2281" ] ]
      },
      "laneName" : [ "150529_D00353_0104_AC6DBAANXX_lane_4" ],
      "laneAttributes" : {
        "geo_lane" : [ [ "4" ] ]
      },
      "iusTag" : [ "TGACCA" ],
      "iusAttributes" : { },
      "workflowName" : [ "GenomicAlignmentNovoalign_V2.07.15b" ],
      "processingAlgorithm" : [ "ProvisionFiles" ],
      "processingAttributes" : { },
      "fileMetaType" : [ "application/bam" ],
      "fileAttributes" : { },
      "fileId" : -379209101
    } ]
  }, {
    "workflowIni" : {
      "json_metadata" : "{\\\"run name\\\":\\\"150721_D00355_0089_AC6C9UANXX\\\",\\\"instrument\\\":\\\"D00355\\\",\\\"barcode\\\":\\\"TGACCA\\\",\\\"library\\\":\\\"LSP_0001_Ad_P_PE_314_WG\\\",\\\"sample\\\":\\\"LSP_0001_Ad_P_PE\\\",\\\"sample group\\\":\\\"LSP_0001\\\",\\\"lane\\\":5,\\\"sequencing type\\\":\\\"WG\\\",\\\"group id\\\":\\\"1\\\",\\\"group id description\\\":\\\"Well-differentiated Qiagen\\\",\\\"workflow name\\\":\\\"GenomicAlignmentNovoalign_V2.07.15b\\\",\\\"workflow version\\\":\\\"2.2.1\\\",\\\"last modified\\\":\\\"1439757826482000\\\"}",
      "manual_output" : "false",
      "map_qual_cut" : "30",
      "metadata" : "metadata",
      "normal_insert_max" : "1500",
      "output_dir" : "seqware-results",
      "output_path" : "NA",
      "sample_rate" : "1000",
      "target_bed" : "/oicr/data/genomes/homo_sapiens/UCSC/Genomic/UCSC_hg19_random/hg19_random.genome.sizes.bed"
    },
    "files" : [ {
      "studyTitle" : [ "Liposarcoma Sequencing" ],
      "studyAttributes" : {
        "geo_lab_group_id" : [ [ "201" ] ]
      },
      "experimentName" : [ ],
      "experimentAttributes" : { },
      "sampleName" : [ "LSP_0001_Ad_P_PE_314_WG" ],
      "sampleAttributes" : {
        "geo_external_name" : [ [ "LSP-01", "LSP-01-B2.02" ] ],
        "geo_group_id" : [ [ "1" ] ],
        "geo_group_id_description" : [ [ "Well-differentiated Qiagen" ] ],
        "geo_library_source_template_type" : [ [ "WG" ] ],
        "geo_organism" : [ [ "Homo sapiens" ] ],
        "geo_prep_kit" : [ [ "KAPA BC OnBead" ] ],
        "geo_purpose" : [ [ "Library", "Stock" ] ],
        "geo_receive_date" : [ [ "2015-04-30" ] ],
        "geo_run_id_and_position_and_slot" : [ [ "2281_4_1", "2296_5_1" ] ],
        "geo_str_result" : [ [ "Not Submitted" ] ],
        "geo_template_id" : [ [ "77459", "77461", "77469", "77477", "77520", "77524" ] ],
        "geo_template_type" : [ [ "Identity", "Illumina PE Library", "Illumina PE Library Seq", "Primary Tumor Tissue", "gDNA" ] ],
        "geo_tissue_origin" : [ [ "Ad" ] ],
        "geo_tissue_preparation" : [ [ "FFPE" ] ],
        "geo_tissue_type" : [ [ "P" ] ]
      },
      "sequencerRunName" : [ "150721_D00355_0089_AC6C9UANXX" ],
      "sequencerRunAttributes" : {
        "geo_instrument_run_id" : [ [ "2296" ] ]
      },
      "laneName" : [ "150721_D00355_0089_AC6C9UANXX_lane_5" ],
      "laneAttributes" : {
        "geo_lane" : [ [ "5" ] ]
      },
      "iusTag" : [ "TGACCA" ],
      "iusAttributes" : { },
      "workflowName" : [ "GenomicAlignmentNovoalign_V2.07.15b" ],
      "processingAlgorithm" : [ "ProvisionFiles" ],
      "processingAttributes" : { },
      "fileMetaType" : [ "application/bam" ],
      "fileAttributes" : { },
      "fileId" : 2047421056
    } ]
  }, {
    "workflowIni" : {
      "json_metadata" : "{\\\"run name\\\":\\\"150529_D00353_0104_AC6DBAANXX\\\",\\\"instrument\\\":\\\"D00353\\\",\\\"barcode\\\":\\\"ACAGTG\\\",\\\"library\\\":\\\"LSP_0001_Ad_P_PE_315_WG\\\",\\\"sample\\\":\\\"LSP_0001_Ad_P_PE\\\",\\\"sample group\\\":\\\"LSP_0001\\\",\\\"lane\\\":4,\\\"sequencing type\\\":\\\"WG\\\",\\\"group id\\\":\\\"2\\\",\\\"group id description\\\":\\\"De-differentiated Thermo\\\",\\\"workflow name\\\":\\\"GenomicAlignmentNovoalign_V2.07.15b\\\",\\\"workflow version\\\":\\\"2.2.1\\\",\\\"last modified\\\":\\\"1439462885930000\\\"}",
      "manual_output" : "false",
      "map_qual_cut" : "30",
      "metadata" : "metadata",
      "normal_insert_max" : "1500",
      "output_dir" : "seqware-results",
      "output_path" : "NA",
      "sample_rate" : "1000",
      "target_bed" : "/oicr/data/genomes/homo_sapiens/UCSC/Genomic/UCSC_hg19_random/hg19_random.genome.sizes.bed"
    },
    "files" : [ {
      "studyTitle" : [ "Liposarcoma Sequencing" ],
      "studyAttributes" : {
        "geo_lab_group_id" : [ [ "201" ] ]
      },
      "experimentName" : [ ],
      "experimentAttributes" : { },
      "sampleName" : [ "LSP_0001_Ad_P_PE_315_WG" ],
      "sampleAttributes" : {
        "geo_external_name" : [ [ "LSP-01", "LSP-01-B3.01" ] ],
        "geo_group_id" : [ [ "2" ] ],
        "geo_group_id_description" : [ [ "De-differentiated Thermo" ] ],
        "geo_library_source_template_type" : [ [ "WG" ] ],
        "geo_organism" : [ [ "Homo sapiens" ] ],
        "geo_prep_kit" : [ [ "KAPA BC OnBead" ] ],
        "geo_purpose" : [ [ "Library", "Stock" ] ],
        "geo_receive_date" : [ [ "2015-04-30" ] ],
        "geo_run_id_and_position_and_slot" : [ [ "2281_4_1", "2296_6_1", "2371_2_1" ] ],
        "geo_str_result" : [ [ "Not Submitted" ] ],
        "geo_template_id" : [ [ "77459", "77464", "77472", "77478", "77521", "77525" ] ],
        "geo_template_type" : [ [ "Identity", "Illumina PE Library", "Illumina PE Library Seq", "Primary Tumor Tissue", "gDNA" ] ],
        "geo_tissue_origin" : [ [ "Ad" ] ],
        "geo_tissue_preparation" : [ [ "FFPE" ] ],
        "geo_tissue_type" : [ [ "P" ] ]
      },
      "sequencerRunName" : [ "150529_D00353_0104_AC6DBAANXX" ],
      "sequencerRunAttributes" : {
        "geo_instrument_run_id" : [ [ "2281" ] ]
      },
      "laneName" : [ "150529_D00353_0104_AC6DBAANXX_lane_4" ],
      "laneAttributes" : {
        "geo_lane" : [ [ "4" ] ]
      },
      "iusTag" : [ "ACAGTG" ],
      "iusAttributes" : { },
      "workflowName" : [ "GenomicAlignmentNovoalign_V2.07.15b" ],
      "processingAlgorithm" : [ "ProvisionFiles" ],
      "processingAttributes" : { },
      "fileMetaType" : [ "application/bam" ],
      "fileAttributes" : { },
      "fileId" : 1487291536
    } ]
  }, {
    "workflowIni" : {
      "json_metadata" : "{\\\"run name\\\":\\\"150721_D00355_0089_AC6C9UANXX\\\",\\\"instrument\\\":\\\"D00355\\\",\\\"barcode\\\":\\\"ACAGTG\\\",\\\"library\\\":\\\"LSP_0001_Ad_P_PE_315_WG\\\",\\\"sample\\\":\\\"LSP_0001_Ad_P_PE\\\",\\\"sample group\\\":\\\"LSP_0001\\\",\\\"lane\\\":6,\\\"sequencing type\\\":\\\"WG\\\",\\\"group id\\\":\\\"2\\\",\\\"group id description\\\":\\\"De-differentiated Thermo\\\",\\\"workflow name\\\":\\\"GenomicAlignmentNovoalign_V2.07.15b\\\",\\\"workflow version\\\":\\\"2.2.1\\\",\\\"last modified\\\":\\\"1439662169936000\\\"}",
      "manual_output" : "false",
      "map_qual_cut" : "30",
      "metadata" : "metadata",
      "normal_insert_max" : "1500",
      "output_dir" : "seqware-results",
      "output_path" : "NA",
      "sample_rate" : "1000",
      "target_bed" : "/oicr/data/genomes/homo_sapiens/UCSC/Genomic/UCSC_hg19_random/hg19_random.genome.sizes.bed"
    },
    "files" : [ {
      "studyTitle" : [ "Liposarcoma Sequencing" ],
      "studyAttributes" : {
        "geo_lab_group_id" : [ [ "201" ] ]
      },
      "experimentName" : [ ],
      "experimentAttributes" : { },
      "sampleName" : [ "LSP_0001_Ad_P_PE_315_WG" ],
      "sampleAttributes" : {
        "geo_external_name" : [ [ "LSP-01", "LSP-01-B3.01" ] ],
        "geo_group_id" : [ [ "2" ] ],
        "geo_group_id_description" : [ [ "De-differentiated Thermo" ] ],
        "geo_library_source_template_type" : [ [ "WG" ] ],
        "geo_organism" : [ [ "Homo sapiens" ] ],
        "geo_prep_kit" : [ [ "KAPA BC OnBead" ] ],
        "geo_purpose" : [ [ "Library", "Stock" ] ],
        "geo_receive_date" : [ [ "2015-04-30" ] ],
        "geo_run_id_and_position_and_slot" : [ [ "2281_4_1", "2296_6_1", "2371_2_1" ] ],
        "geo_str_result" : [ [ "Not Submitted" ] ],
        "geo_template_id" : [ [ "77459", "77464", "77472", "77478", "77521", "77525" ] ],
        "geo_template_type" : [ [ "Identity", "Illumina PE Library", "Illumina PE Library Seq", "Primary Tumor Tissue", "gDNA" ] ],
        "geo_tissue_origin" : [ [ "Ad" ] ],
        "geo_tissue_preparation" : [ [ "FFPE" ] ],
        "geo_tissue_type" : [ [ "P" ] ]
      },
      "sequencerRunName" : [ "150721_D00355_0089_AC6C9UANXX" ],
      "sequencerRunAttributes" : {
        "geo_instrument_run_id" : [ [ "2296" ] ]
      },
      "laneName" : [ "150721_D00355_0089_AC6C9UANXX_lane_6" ],
      "laneAttributes" : {
        "geo_lane" : [ [ "6" ] ]
      },
      "iusTag" : [ "ACAGTG" ],
      "iusAttributes" : { },
      "workflowName" : [ "GenomicAlignmentNovoalign_V2.07.15b" ],
      "processingAlgorithm" : [ "ProvisionFiles" ],
      "processingAttributes" : { },
      "fileMetaType" : [ "application/bam" ],
      "fileAttributes" : { },
      "fileId" : 430400017
    } ]
  }, {
    "workflowIni" : {
      "json_metadata" : "{\\\"run name\\\":\\\"150529_D00353_0104_AC6DBAANXX\\\",\\\"instrument\\\":\\\"D00353\\\",\\\"barcode\\\":\\\"GCCAAT\\\",\\\"library\\\":\\\"LSP_0001_Ad_P_PE_316_WG\\\",\\\"sample\\\":\\\"LSP_0001_Ad_P_PE\\\",\\\"sample group\\\":\\\"LSP_0001\\\",\\\"lane\\\":4,\\\"sequencing type\\\":\\\"WG\\\",\\\"group id\\\":\\\"2\\\",\\\"group id description\\\":\\\"De-differentiated Qiagen\\\",\\\"workflow name\\\":\\\"GenomicAlignmentNovoalign_V2.07.15b\\\",\\\"workflow version\\\":\\\"2.2.1\\\",\\\"last modified\\\":\\\"1439476566642000\\\"}",
      "manual_output" : "false",
      "map_qual_cut" : "30",
      "metadata" : "metadata",
      "normal_insert_max" : "1500",
      "output_dir" : "seqware-results",
      "output_path" : "NA",
      "sample_rate" : "1000",
      "target_bed" : "/oicr/data/genomes/homo_sapiens/UCSC/Genomic/UCSC_hg19_random/hg19_random.genome.sizes.bed"
    },
    "files" : [ {
      "studyTitle" : [ "Liposarcoma Sequencing" ],
      "studyAttributes" : {
        "geo_lab_group_id" : [ [ "201" ] ]
      },
      "experimentName" : [ ],
      "experimentAttributes" : { },
      "sampleName" : [ "LSP_0001_Ad_P_PE_316_WG" ],
      "sampleAttributes" : {
        "geo_external_name" : [ [ "LSP-01", "LSP-01-B3.02" ] ],
        "geo_group_id" : [ [ "2" ] ],
        "geo_group_id_description" : [ [ "De-differentiated Qiagen" ] ],
        "geo_library_source_template_type" : [ [ "WG" ] ],
        "geo_organism" : [ [ "Homo sapiens" ] ],
        "geo_prep_kit" : [ [ "KAPA BC OnBead" ] ],
        "geo_purpose" : [ [ "Library", "Stock" ] ],
        "geo_receive_date" : [ [ "2015-04-30" ] ],
        "geo_run_id_and_position_and_slot" : [ [ "2281_4_1", "2296_7_1", "2371_1_1" ] ],
        "geo_str_result" : [ [ "Not Submitted" ] ],
        "geo_template_id" : [ [ "77459", "77465", "77473", "77479", "77522", "77526" ] ],
        "geo_template_type" : [ [ "Identity", "Illumina PE Library", "Illumina PE Library Seq", "Primary Tumor Tissue", "gDNA" ] ],
        "geo_tissue_origin" : [ [ "Ad" ] ],
        "geo_tissue_preparation" : [ [ "FFPE" ] ],
        "geo_tissue_type" : [ [ "P" ] ]
      },
      "sequencerRunName" : [ "150529_D00353_0104_AC6DBAANXX" ],
      "sequencerRunAttributes" : {
        "geo_instrument_run_id" : [ [ "2281" ] ]
      },
      "laneName" : [ "150529_D00353_0104_AC6DBAANXX_lane_4" ],
      "laneAttributes" : {
        "geo_lane" : [ [ "4" ] ]
      },
      "iusTag" : [ "GCCAAT" ],
      "iusAttributes" : { },
      "workflowName" : [ "GenomicAlignmentNovoalign_V2.07.15b" ],
      "processingAlgorithm" : [ "ProvisionFiles" ],
      "processingAttributes" : { },
      "fileMetaType" : [ "application/bam" ],
      "fileAttributes" : { },
      "fileId" : -1232214712
    } ]
  }, {
    "workflowIni" : {
      "json_metadata" : "{\\\"run name\\\":\\\"150721_D00355_0089_AC6C9UANXX\\\",\\\"instrument\\\":\\\"D00355\\\",\\\"barcode\\\":\\\"GCCAAT\\\",\\\"library\\\":\\\"LSP_0001_Ad_P_PE_316_WG\\\",\\\"sample\\\":\\\"LSP_0001_Ad_P_PE\\\",\\\"sample group\\\":\\\"LSP_0001\\\",\\\"lane\\\":7,\\\"sequencing type\\\":\\\"WG\\\",\\\"group id\\\":\\\"2\\\",\\\"group id description\\\":\\\"De-differentiated Qiagen\\\",\\\"workflow name\\\":\\\"GenomicAlignmentNovoalign_V2.07.15b\\\",\\\"workflow version\\\":\\\"2.2.1\\\",\\\"last modified\\\":\\\"1439632950923000\\\"}",
      "manual_output" : "false",
      "map_qual_cut" : "30",
      "metadata" : "metadata",
      "normal_insert_max" : "1500",
      "output_dir" : "seqware-results",
      "output_path" : "NA",
      "sample_rate" : "1000",
      "target_bed" : "/oicr/data/genomes/homo_sapiens/UCSC/Genomic/UCSC_hg19_random/hg19_random.genome.sizes.bed"
    },
    "files" : [ {
      "studyTitle" : [ "Liposarcoma Sequencing" ],
      "studyAttributes" : {
        "geo_lab_group_id" : [ [ "201" ] ]
      },
      "experimentName" : [ ],
      "experimentAttributes" : { },
      "sampleName" : [ "LSP_0001_Ad_P_PE_316_WG" ],
      "sampleAttributes" : {
        "geo_external_name" : [ [ "LSP-01", "LSP-01-B3.02" ] ],
        "geo_group_id" : [ [ "2" ] ],
        "geo_group_id_description" : [ [ "De-differentiated Qiagen" ] ],
        "geo_library_source_template_type" : [ [ "WG" ] ],
        "geo_organism" : [ [ "Homo sapiens" ] ],
        "geo_prep_kit" : [ [ "KAPA BC OnBead" ] ],
        "geo_purpose" : [ [ "Library", "Stock" ] ],
        "geo_receive_date" : [ [ "2015-04-30" ] ],
        "geo_run_id_and_position_and_slot" : [ [ "2281_4_1", "2296_7_1", "2371_1_1" ] ],
        "geo_str_result" : [ [ "Not Submitted" ] ],
        "geo_template_id" : [ [ "77459", "77465", "77473", "77479", "77522", "77526" ] ],
        "geo_template_type" : [ [ "Identity", "Illumina PE Library", "Illumina PE Library Seq", "Primary Tumor Tissue", "gDNA" ] ],
        "geo_tissue_origin" : [ [ "Ad" ] ],
        "geo_tissue_preparation" : [ [ "FFPE" ] ],
        "geo_tissue_type" : [ [ "P" ] ]
      },
      "sequencerRunName" : [ "150721_D00355_0089_AC6C9UANXX" ],
      "sequencerRunAttributes" : {
        "geo_instrument_run_id" : [ [ "2296" ] ]
      },
      "laneName" : [ "150721_D00355_0089_AC6C9UANXX_lane_7" ],
      "laneAttributes" : {
        "geo_lane" : [ [ "7" ] ]
      },
      "iusTag" : [ "GCCAAT" ],
      "iusAttributes" : { },
      "workflowName" : [ "GenomicAlignmentNovoalign_V2.07.15b" ],
      "processingAlgorithm" : [ "ProvisionFiles" ],
      "processingAttributes" : { },
      "fileMetaType" : [ "application/bam" ],
      "fileAttributes" : { },
      "fileId" : -1611621100
    } ]
  } ]
}