{
  "workflowRunCount" : 2,
  "studies" : [ "WGA_test" ],
  "sequencerRuns" : [ "110310_SN393_0116_A81ML9ABXX" ],
  "lanes" : [ "110310_SN393_0116_A81ML9ABXX_lane_5", "110310_SN393_0116_A81ML9ABXX_lane_6" ],
  "samples" : [ "PCSI_0005_Ly_R_PE_350_EX" ],
  "workflows" : [ "GenomicAlignmentNovoalign" ],
  "processingAlgorithms" : [ "PicardAddReadGroups" ],
  "fileMetaTypes" : [ "application/bam" ],
  "maxInputFiles" : 1,
  "minInputFiles" : 1,
  "totalInputFiles" : 2,
  "workflowRuns" : [ {
    "workflowIni" : {
      "json_metadata" : "{\\\"run name\\\":\\\"110310_SN393_0116_A81ML9ABXX\\\",\\\"instrument\\\":\\\"SN393\\\",\\\"barcode\\\":\\\"NoIndex\\\",\\\"library\\\":\\\"PCSI_0005_Ly_R_PE_350_EX\\\",\\\"sample\\\":\\\"PCSI_0005_Ly_R_PE\\\",\\\"sample group\\\":\\\"PCSI_0005\\\",\\\"lane\\\":5,\\\"sequencing type\\\":\\\"EX\\\",\\\"workflow name\\\":\\\"GenomicAlignmentNovoalign\\\",\\\"workflow version\\\":\\\"0.10.4\\\",\\\"last modified\\\":\\\"1356138551554000\\\"}",
      "manual_output" : "false",
      "map_qual_cut" : "30",
      "metadata" : "metadata",
      "normal_insert_max" : "1500",
      "output_dir" : "seqware-results",
      "output_path" : "NA",
      "sample_rate" : "1000",
      "target_bed" : "/.mounts/labs/PDE/data/TargetedSequencingQC/Agilent.SureSelect.All.Exon.V4/SureSelect_All_Exon_V4_Covered_Sorted.bed"
    },
    "files" : [ {
      "studyTitle" : [ "WGA_test" ],
      "studyAttributes" : {
        "geo_lab_group_id" : [ [ "94" ] ]
      },
      "experimentName" : [ ],
      "experimentAttributes" : { },
      "sampleName" : [ "PCSI_0005_Ly_R_PE_350_EX" ],
      "sampleAttributes" : {
        "geo_external_name" : [ [ "4535-1" ] ],
        "geo_library_source_template_type" : [ [ "EX" ] ],
        "geo_organism" : [ [ "Homo sapiens" ] ],
        "geo_prep_kit" : [ [ "GA_PE", "None" ] ],
        "geo_reaction_id" : [ [ "3987" ] ],
        "geo_run_id_and_position_and_slot" : [ [ "609_5_1" ] ],
        "geo_targeted_resequencing" : [ [ "Agilent SureSelect ICGC/Sanger Exon" ] ],
        "geo_template_id" : [ [ "1265", "1682", "6966", "6972", "6973", "7024", "7025" ] ],
        "geo_template_type" : [ [ "Identity", "Illumina PE Library", "Illumina PE Library Seq", "gDNA", "gDNA_wga" ] ],
        "geo_tissue_origin" : [ [ "Ly" ] ],
        "geo_tissue_type" : [ [ "R" ] ]
      },
      "sequencerRunName" : [ "110310_SN393_0116_A81ML9ABXX" ],
      "sequencerRunAttributes" : {
        "geo_instrument_run_id" : [ [ "609" ] ]
      },
      "laneName" : [ "110310_SN393_0116_A81ML9ABXX_lane_5" ],
      "laneAttributes" : {
        "geo_lane" : [ [ "5" ] ]
      },
      "iusTag" : [ "NoIndex" ],
      "iusAttributes" : { },
      "workflowName" : [ "GenomicAlignmentNovoalign" ],
      "processingAlgorithm" : [ "PicardAddReadGroups" ],
      "processingAttributes" : { },
      "fileMetaType" : [ "application/bam" ],
      "fileAttributes" : { },
      "fileId" : 1703433587
    } ]
  }, {
    "workflowIni" : {
      "json_metadata" : "{\\\"run name\\\":\\\"110310_SN393_0116_A81ML9ABXX\\\",\\\"instrument\\\":\\\"SN393\\\",\\\"barcode\\\":\\\"NoIndex\\\",\\\"library\\\":\\\"PCSI_0005_Ly_R_PE_350_EX\\\",\\\"sample\\\":\\\"PCSI_0005_Ly_R_PE\\\",\\\"sample group\\\":\\\"PCSI_0005\\\",\\\"lane\\\":6,\\\"sequencing type\\\":\\\"EX\\\",\\\"workflow name\\\":\\\"GenomicAlignmentNovoalign\\\",\\\"workflow version\\\":\\\"0.10.4\\\",\\\"last modified\\\":\\\"1356176438143000\\\"}",
      "manual_output" : "false",
      "map_qual_cut" : "30",
      "metadata" : "metadata",
      "normal_insert_max" : "1500",
      "output_dir" : "seqware-results",
      "output_path" : "NA",
      "sample_rate" : "1000",
      "target_bed" : "/.mounts/labs/PDE/data/TargetedSequencingQC/Agilent.SureSelect.All.Exon.V4/SureSelect_All_Exon_V4_Covered_Sorted.bed"
    },
    "files" : [ {
      "studyTitle" : [ "WGA_test" ],
      "studyAttributes" : {
        "geo_lab_group_id" : [ [ "94" ] ]
      },
      "experimentName" : [ ],
      "experimentAttributes" : { },
      "sampleName" : [ "PCSI_0005_Ly_R_PE_350_EX" ],
      "sampleAttributes" : {
        "geo_external_name" : [ [ "4535-1" ] ],
        "geo_library_source_template_type" : [ [ "EX" ] ],
        "geo_organism" : [ [ "Homo sapiens" ] ],
        "geo_prep_kit" : [ [ "GA_PE", "None" ] ],
        "geo_reaction_id" : [ [ "3988" ] ],
        "geo_run_id_and_position_and_slot" : [ [ "609_6_1" ] ],
        "geo_targeted_resequencing" : [ [ "Agilent SureSelect ICGC/Sanger Exon" ] ],
        "geo_template_id" : [ [ "1265", "1682", "6966", "7017", "7018", "7020", "7021" ] ],
        "geo_template_type" : [ [ "Identity", "Illumina PE Library", "Illumina PE Library Seq", "gDNA", "gDNA_wga" ] ],
        "geo_tissue_origin" : [ [ "Ly" ] ],
        "geo_tissue_type" : [ [ "R" ] ]
      },
      "sequencerRunName" : [ "110310_SN393_0116_A81ML9ABXX" ],
      "sequencerRunAttributes" : {
        "geo_instrument_run_id" : [ [ "609" ] ]
      },
      "laneName" : [ "110310_SN393_0116_A81ML9ABXX_lane_6" ],
      "laneAttributes" : {
        "geo_lane" : [ [ "6" ] ]
      },
      "iusTag" : [ "NoIndex" ],
      "iusAttributes" : { },
      "workflowName" : [ "GenomicAlignmentNovoalign" ],
      "processingAlgorithm" : [ "PicardAddReadGroups" ],
      "processingAttributes" : { },
      "fileMetaType" : [ "application/bam" ],
      "fileAttributes" : { },
      "fileId" : 1062143669
    } ]
  } ]
}