{
  "workflowRunCount" : 6,
  "studies" : [ "TGL05" ],
  "sequencerRuns" : [ "170608_NB551051_0016_AHLNC5BGX2", "170608_NB551056_0015_AHLJ7LBGX2", "170609_NB551051_0017_AHLFFJBGX2" ],
  "lanes" : [ "170608_NB551051_0016_AHLNC5BGX2_lane_1", "170608_NB551056_0015_AHLJ7LBGX2_lane_1", "170609_NB551051_0017_AHLFFJBGX2_lane_1" ],
  "samples" : [ "TGL05_0001_Bd_P_PE_332_EX", "TGL05_0001_Pb_R_PE_447_EX", "TGL05_0002_Co_P_PE_309_EX", "TGL05_0002_Pb_R_PE_438_EX", "TGL05_0004_Co_P_PE_303_EX", "TGL05_0004_Pb_R_PE_432_EX", "TGL05_0005_Pb_R_PE_435_EX", "TGL05_0005_Pt_P_PE_281_EX", "TGL05_0006_Ov_P_PE_361_EX", "TGL05_0006_Pb_R_PE_416_EX", "TGL05_0007_Np_P_PE_330_EX", "TGL05_0007_Pb_R_PE_433_EX" ],
  "workflows" : [ "BamMergePreprocessing" ],
  "processingAlgorithms" : [ "ProvisionFiles" ],
  "fileMetaTypes" : [ "application/bam" ],
  "maxInputFiles" : 2,
  "minInputFiles" : 2,
  "totalInputFiles" : 12,
  "workflowRuns" : [ {
    "workflowIni" : {
      "data_dir" : "data",
      "input_files_normal" : "/.mounts/labs/TGL/production2/seqware-results/BamMergePreprocessing_1.1/58263846/TGL05_0001_Pb_R_EX.sorted.filter.deduped.realign.recal.bam",
      "input_files_tumor" : "/.mounts/labs/TGL/production2/seqware-results/BamMergePreprocessing_1.1/58263846/TGL05_0001_Bd_P_EX.sorted.filter.deduped.realign.recal.bam",
      "java" : "${workflow_bundle_dir}/Workflow_Bundle_Sequenza/1.0/bin/jre1.7.0_51/bin/java",
      "library" : "library",
      "manual_output" : "false",
      "metadata" : "metadata",
      "output_dir" : "seqware-results",
      "pypy" : "/.mounts/labs/PDE/Modules/modulefiles/pypy-tgl/pypy2-v5.7.1-linux64/bin/pypy",
      "rLib" : "/.mounts/labs/gsiprojects/gsi/tools/R_libs",
      "ref_fasta" : "/.mounts/labs/PDE/data/gatkAnnotationResources/hg19_random.fa",
      "rpath" : "/.mounts/labs/PDE/Modules/sw/R/R-3.3.0",
      "run" : "run",
      "run_sequenza_rscript" : "true",
      "run_sequenza_utils" : "true",
      "samtools" : "/oicr/local/analysis/sw//samtools/samtools-0.1.18/samtools",
      "sequenza_bin_data_hg19" : "/.mounts/labs/PDE/Modules/modulefiles/sequenza/hg19_random.gc50Base.txt.gz ",
      "sequenza_rscript" : "/.mounts/labs/PDE/Modules/modulefiles/sequenza/run_sequenza.R",
      "sequenza_rscript_mem" : "64",
      "sequenza_utils_mem" : "32",
      "sequenza_utils_script" : "/.mounts/labs/PDE/Modules/modulefiles/sequenza/sequenza-utils.py ",
      "template_type" : "EX",
      "tmp_dir" : "tmp"
    },
    "files" : [ {
      "studyTitle" : [ "TGL05" ],
      "studyAttributes" : { },
      "experimentName" : [ ],
      "experimentAttributes" : { },
      "sampleName" : [ "TGL05_0001_Bd_P_PE_332_EX" ],
      "sampleAttributes" : {
        "geo_external_name" : [ [ "01-101" ] ],
        "geo_library_source_template_type" : [ [ "EX" ] ],
        "geo_organism" : [ [ "Homo sapiens" ] ],
        "geo_prep_kit" : [ [ "Agilent SureSelect Human All Exon V6 Cosmic" ] ],
        "geo_purpose" : [ [ "Library" ] ],
        "geo_receive_date" : [ [ "2017-06-06" ] ],
        "geo_run_id_and_position" : [ [ "1967_1" ] ],
        "geo_str_result" : [ [ "Not Submitted" ] ],
        "geo_targeted_resequencing" : [ [ "Agilent SureSelect Human All Exon V6 Cosmic" ] ],
        "geo_template_type" : [ [ "Illumina PE Library" ] ],
        "geo_tissue_origin" : [ [ "Bd" ] ],
        "geo_tissue_preparation" : [ [ "FFPE" ] ],
        "geo_tissue_type" : [ [ "P" ] ]
      },
      "sequencerRunName" : [ "170608_NB551056_0015_AHLJ7LBGX2" ],
      "sequencerRunAttributes" : {
        "instrument_name" : [ [ "NB551056" ] ]
      },
      "laneName" : [ "170608_NB551056_0015_AHLJ7LBGX2_lane_1" ],
      "laneAttributes" : { },
      "iusTag" : [ "GTGTTCTA" ],
      "iusAttributes" : { },
      "workflowName" : [ "BamMergePreprocessing" ],
      "processingAlgorithm" : [ "ProvisionFiles" ],
      "processingAttributes" : { },
      "fileMetaType" : [ "application/bam" ],
      "fileAttributes" : {
        "aligner" : [ [ "BwaMem" ] ],
        "cvterms" : [ [ "EDAM:format_2572,EDAM:operation_2089" ] ]
      },
      "fileId" : -825231161
    }, {
      "studyTitle" : [ "TGL05" ],
      "studyAttributes" : { },
      "experimentName" : [ ],
      "experimentAttributes" : { },
      "sampleName" : [ "TGL05_0001_Pb_R_PE_447_EX" ],
      "sampleAttributes" : {
        "geo_external_name" : [ [ "01-101" ] ],
        "geo_library_source_template_type" : [ [ "EX" ] ],
        "geo_organism" : [ [ "Homo sapiens" ] ],
        "geo_prep_kit" : [ [ "Agilent SureSelect Human All Exon V6 Cosmic" ] ],
        "geo_purpose" : [ [ "Library" ] ],
        "geo_receive_date" : [ [ "2017-06-06" ] ],
        "geo_run_id_and_position" : [ [ "1969_1" ] ],
        "geo_str_result" : [ [ "Not Submitted" ] ],
        "geo_targeted_resequencing" : [ [ "Agilent SureSelect Human All Exon V6 Cosmic" ] ],
        "geo_template_type" : [ [ "Illumina PE Library" ] ],
        "geo_tissue_origin" : [ [ "Pb" ] ],
        "geo_tissue_preparation" : [ [ "Blood" ] ],
        "geo_tissue_type" : [ [ "R" ] ]
      },
      "sequencerRunName" : [ "170609_NB551051_0017_AHLFFJBGX2" ],
      "sequencerRunAttributes" : {
        "instrument_name" : [ [ "NB551051" ] ]
      },
      "laneName" : [ "170609_NB551051_0017_AHLFFJBGX2_lane_1" ],
      "laneAttributes" : { },
      "iusTag" : [ "CAGCGTTA" ],
      "iusAttributes" : { },
      "workflowName" : [ "BamMergePreprocessing" ],
      "processingAlgorithm" : [ "ProvisionFiles" ],
      "processingAttributes" : { },
      "fileMetaType" : [ "application/bam" ],
      "fileAttributes" : {
        "aligner" : [ [ "BwaMem" ] ],
        "cvterms" : [ [ "EDAM:format_2572,EDAM:operation_2089" ] ]
      },
      "fileId" : 1315424213
    } ]
  }, {
    "workflowIni" : {
      "data_dir" : "data",
      "input_files_normal" : "/.mounts/labs/TGL/production2/seqware-results/BamMergePreprocessing_1.1/17063221/TGL05_0002_Pb_R_EX.sorted.filter.deduped.realign.recal.bam",
      "input_files_tumor" : "/.mounts/labs/TGL/production2/seqware-results/BamMergePreprocessing_1.1/17063221/TGL05_0002_Co_P_EX.sorted.filter.deduped.realign.recal.bam",
      "java" : "${workflow_bundle_dir}/Workflow_Bundle_Sequenza/1.0/bin/jre1.7.0_51/bin/java",
      "library" : "library",
      "manual_output" : "false",
      "metadata" : "metadata",
      "output_dir" : "seqware-results",
      "pypy" : "/.mounts/labs/PDE/Modules/modulefiles/pypy-tgl/pypy2-v5.7.1-linux64/bin/pypy",
      "rLib" : "/.mounts/labs/gsiprojects/gsi/tools/R_libs",
      "ref_fasta" : "/.mounts/labs/PDE/data/gatkAnnotationResources/hg19_random.fa",
      "rpath" : "/.mounts/labs/PDE/Modules/sw/R/R-3.3.0",
      "run" : "run",
      "run_sequenza_rscript" : "true",
      "run_sequenza_utils" : "true",
      "samtools" : "/oicr/local/analysis/sw//samtools/samtools-0.1.18/samtools",
      "sequenza_bin_data_hg19" : "/.mounts/labs/PDE/Modules/modulefiles/sequenza/hg19_random.gc50Base.txt.gz ",
      "sequenza_rscript" : "/.mounts/labs/PDE/Modules/modulefiles/sequenza/run_sequenza.R",
      "sequenza_rscript_mem" : "64",
      "sequenza_utils_mem" : "32",
      "sequenza_utils_script" : "/.mounts/labs/PDE/Modules/modulefiles/sequenza/sequenza-utils.py ",
      "template_type" : "EX",
      "tmp_dir" : "tmp"
    },
    "files" : [ {
      "studyTitle" : [ "TGL05" ],
      "studyAttributes" : { },
      "experimentName" : [ ],
      "experimentAttributes" : { },
      "sampleName" : [ "TGL05_0002_Co_P_PE_309_EX" ],
      "sampleAttributes" : {
        "geo_external_name" : [ [ "01-700" ] ],
        "geo_library_source_template_type" : [ [ "EX" ] ],
        "geo_organism" : [ [ "Homo sapiens" ] ],
        "geo_prep_kit" : [ [ "Agilent SureSelect Human All Exon V6 Cosmic" ] ],
        "geo_purpose" : [ [ "Library" ] ],
        "geo_receive_date" : [ [ "2017-06-06" ] ],
        "geo_run_id_and_position" : [ [ "1967_1" ] ],
        "geo_str_result" : [ [ "Not Submitted" ] ],
        "geo_targeted_resequencing" : [ [ "Agilent SureSelect Human All Exon V6 Cosmic" ] ],
        "geo_template_type" : [ [ "Illumina PE Library" ] ],
        "geo_tissue_origin" : [ [ "Co" ] ],
        "geo_tissue_preparation" : [ [ "FFPE" ] ],
        "geo_tissue_type" : [ [ "P" ] ]
      },
      "sequencerRunName" : [ "170608_NB551056_0015_AHLJ7LBGX2" ],
      "sequencerRunAttributes" : {
        "instrument_name" : [ [ "NB551056" ] ]
      },
      "laneName" : [ "170608_NB551056_0015_AHLJ7LBGX2_lane_1" ],
      "laneAttributes" : { },
      "iusTag" : [ "CCGTGAGA" ],
      "iusAttributes" : { },
      "workflowName" : [ "BamMergePreprocessing" ],
      "processingAlgorithm" : [ "ProvisionFiles" ],
      "processingAttributes" : { },
      "fileMetaType" : [ "application/bam" ],
      "fileAttributes" : {
        "aligner" : [ [ "BwaMem" ] ],
        "cvterms" : [ [ "EDAM:format_2572,EDAM:operation_2089" ] ]
      },
      "fileId" : -1160933342
    }, {
      "studyTitle" : [ "TGL05" ],
      "studyAttributes" : { },
      "experimentName" : [ ],
      "experimentAttributes" : { },
      "sampleName" : [ "TGL05_0002_Pb_R_PE_438_EX" ],
      "sampleAttributes" : {
        "geo_external_name" : [ [ "01-700" ] ],
        "geo_library_source_template_type" : [ [ "EX" ] ],
        "geo_organism" : [ [ "Homo sapiens" ] ],
        "geo_prep_kit" : [ [ "Agilent SureSelect Human All Exon V6 Cosmic" ] ],
        "geo_purpose" : [ [ "Library" ] ],
        "geo_receive_date" : [ [ "2017-06-06" ] ],
        "geo_run_id_and_position" : [ [ "1969_1" ] ],
        "geo_str_result" : [ [ "Not Submitted" ] ],
        "geo_targeted_resequencing" : [ [ "Agilent SureSelect Human All Exon V6 Cosmic" ] ],
        "geo_template_type" : [ [ "Illumina PE Library" ] ],
        "geo_tissue_origin" : [ [ "Pb" ] ],
        "geo_tissue_preparation" : [ [ "Blood" ] ],
        "geo_tissue_type" : [ [ "R" ] ]
      },
      "sequencerRunName" : [ "170609_NB551051_0017_AHLFFJBGX2" ],
      "sequencerRunAttributes" : {
        "instrument_name" : [ [ "NB551051" ] ]
      },
      "laneName" : [ "170609_NB551051_0017_AHLFFJBGX2_lane_1" ],
      "laneAttributes" : { },
      "iusTag" : [ "AGCACCTC" ],
      "iusAttributes" : { },
      "workflowName" : [ "BamMergePreprocessing" ],
      "processingAlgorithm" : [ "ProvisionFiles" ],
      "processingAttributes" : { },
      "fileMetaType" : [ "application/bam" ],
      "fileAttributes" : {
        "aligner" : [ [ "BwaMem" ] ],
        "cvterms" : [ [ "EDAM:format_2572,EDAM:operation_2089" ] ]
      },
      "fileId" : -859299046
    } ]
  }, {
    "workflowIni" : {
      "data_dir" : "data",
      "input_files_normal" : "/.mounts/labs/TGL/production2/seqware-results/BamMergePreprocessing_1.1/68739040/TGL05_0004_Pb_R_EX.sorted.filter.deduped.realign.recal.bam",
      "input_files_tumor" : "/.mounts/labs/TGL/production2/seqware-results/BamMergePreprocessing_1.1/68739040/TGL05_0004_Co_P_EX.sorted.filter.deduped.realign.recal.bam",
      "java" : "${workflow_bundle_dir}/Workflow_Bundle_Sequenza/1.0/bin/jre1.7.0_51/bin/java",
      "library" : "library",
      "manual_output" : "false",
      "metadata" : "metadata",
      "output_dir" : "seqware-results",
      "pypy" : "/.mounts/labs/PDE/Modules/modulefiles/pypy-tgl/pypy2-v5.7.1-linux64/bin/pypy",
      "rLib" : "/.mounts/labs/gsiprojects/gsi/tools/R_libs",
      "ref_fasta" : "/.mounts/labs/PDE/data/gatkAnnotationResources/hg19_random.fa",
      "rpath" : "/.mounts/labs/PDE/Modules/sw/R/R-3.3.0",
      "run" : "run",
      "run_sequenza_rscript" : "true",
      "run_sequenza_utils" : "true",
      "samtools" : "/oicr/local/analysis/sw//samtools/samtools-0.1.18/samtools",
      "sequenza_bin_data_hg19" : "/.mounts/labs/PDE/Modules/modulefiles/sequenza/hg19_random.gc50Base.txt.gz ",
      "sequenza_rscript" : "/.mounts/labs/PDE/Modules/modulefiles/sequenza/run_sequenza.R",
      "sequenza_rscript_mem" : "64",
      "sequenza_utils_mem" : "32",
      "sequenza_utils_script" : "/.mounts/labs/PDE/Modules/modulefiles/sequenza/sequenza-utils.py ",
      "template_type" : "EX",
      "tmp_dir" : "tmp"
    },
    "files" : [ {
      "studyTitle" : [ "TGL05" ],
      "studyAttributes" : { },
      "experimentName" : [ ],
      "experimentAttributes" : { },
      "sampleName" : [ "TGL05_0004_Co_P_PE_303_EX" ],
      "sampleAttributes" : {
        "geo_external_name" : [ [ "02-202" ] ],
        "geo_library_source_template_type" : [ [ "EX" ] ],
        "geo_organism" : [ [ "Homo sapiens" ] ],
        "geo_prep_kit" : [ [ "Agilent SureSelect Human All Exon V6 Cosmic" ] ],
        "geo_purpose" : [ [ "Library" ] ],
        "geo_receive_date" : [ [ "2017-06-06" ] ],
        "geo_run_id_and_position" : [ [ "1966_1" ] ],
        "geo_str_result" : [ [ "Not Submitted" ] ],
        "geo_targeted_resequencing" : [ [ "Agilent SureSelect Human All Exon V6 Cosmic" ] ],
        "geo_template_type" : [ [ "Illumina PE Library" ] ],
        "geo_tissue_origin" : [ [ "Co" ] ],
        "geo_tissue_preparation" : [ [ "FFPE" ] ],
        "geo_tissue_type" : [ [ "P" ] ]
      },
      "sequencerRunName" : [ "170608_NB551051_0016_AHLNC5BGX2" ],
      "sequencerRunAttributes" : {
        "instrument_name" : [ [ "NB551051" ] ]
      },
      "laneName" : [ "170608_NB551051_0016_AHLNC5BGX2_lane_1" ],
      "laneAttributes" : { },
      "iusTag" : [ "GTCTGTCA" ],
      "iusAttributes" : { },
      "workflowName" : [ "BamMergePreprocessing" ],
      "processingAlgorithm" : [ "ProvisionFiles" ],
      "processingAttributes" : { },
      "fileMetaType" : [ "application/bam" ],
      "fileAttributes" : {
        "aligner" : [ [ "BwaMem" ] ],
        "cvterms" : [ [ "EDAM:format_2572,EDAM:operation_2089" ] ]
      },
      "fileId" : 263758685
    }, {
      "studyTitle" : [ "TGL05" ],
      "studyAttributes" : { },
      "experimentName" : [ ],
      "experimentAttributes" : { },
      "sampleName" : [ "TGL05_0004_Pb_R_PE_432_EX" ],
      "sampleAttributes" : {
        "geo_external_name" : [ [ "02-202" ] ],
        "geo_library_source_template_type" : [ [ "EX" ] ],
        "geo_organism" : [ [ "Homo sapiens" ] ],
        "geo_prep_kit" : [ [ "Agilent SureSelect Human All Exon V6 Cosmic" ] ],
        "geo_purpose" : [ [ "Library" ] ],
        "geo_receive_date" : [ [ "2017-06-06" ] ],
        "geo_run_id_and_position" : [ [ "1969_1" ] ],
        "geo_str_result" : [ [ "Not Submitted" ] ],
        "geo_targeted_resequencing" : [ [ "Agilent SureSelect Human All Exon V6 Cosmic" ] ],
        "geo_template_type" : [ [ "Illumina PE Library" ] ],
        "geo_tissue_origin" : [ [ "Pb" ] ],
        "geo_tissue_preparation" : [ [ "Blood" ] ],
        "geo_tissue_type" : [ [ "R" ] ]
      },
      "sequencerRunName" : [ "170609_NB551051_0017_AHLFFJBGX2" ],
      "sequencerRunAttributes" : {
        "instrument_name" : [ [ "NB551051" ] ]
      },
      "laneName" : [ "170609_NB551051_0017_AHLFFJBGX2_lane_1" ],
      "laneAttributes" : { },
      "iusTag" : [ "AGTGGTCA" ],
      "iusAttributes" : { },
      "workflowName" : [ "BamMergePreprocessing" ],
      "processingAlgorithm" : [ "ProvisionFiles" ],
      "processingAttributes" : { },
      "fileMetaType" : [ "application/bam" ],
      "fileAttributes" : {
        "aligner" : [ [ "BwaMem" ] ],
        "cvterms" : [ [ "EDAM:format_2572,EDAM:operation_2089" ] ]
      },
      "fileId" : 565392981
    } ]
  }, {
    "workflowIni" : {
      "data_dir" : "data",
      "input_files_normal" : "/.mounts/labs/TGL/production2/seqware-results/BamMergePreprocessing_1.1/47342630/TGL05_0005_Pb_R_EX.sorted.filter.deduped.realign.recal.bam",
      "input_files_tumor" : "/.mounts/labs/TGL/production2/seqware-results/BamMergePreprocessing_1.1/47342630/TGL05_0005_Pt_P_EX.sorted.filter.deduped.realign.recal.bam",
      "java" : "${workflow_bundle_dir}/Workflow_Bundle_Sequenza/1.0/bin/jre1.7.0_51/bin/java",
      "library" : "library",
      "manual_output" : "false",
      "metadata" : "metadata",
      "output_dir" : "seqware-results",
      "pypy" : "/.mounts/labs/PDE/Modules/modulefiles/pypy-tgl/pypy2-v5.7.1-linux64/bin/pypy",
      "rLib" : "/.mounts/labs/gsiprojects/gsi/tools/R_libs",
      "ref_fasta" : "/.mounts/labs/PDE/data/gatkAnnotationResources/hg19_random.fa",
      "rpath" : "/.mounts/labs/PDE/Modules/sw/R/R-3.3.0",
      "run" : "run",
      "run_sequenza_rscript" : "true",
      "run_sequenza_utils" : "true",
      "samtools" : "/oicr/local/analysis/sw//samtools/samtools-0.1.18/samtools",
      "sequenza_bin_data_hg19" : "/.mounts/labs/PDE/Modules/modulefiles/sequenza/hg19_random.gc50Base.txt.gz ",
      "sequenza_rscript" : "/.mounts/labs/PDE/Modules/modulefiles/sequenza/run_sequenza.R",
      "sequenza_rscript_mem" : "64",
      "sequenza_utils_mem" : "32",
      "sequenza_utils_script" : "/.mounts/labs/PDE/Modules/modulefiles/sequenza/sequenza-utils.py ",
      "template_type" : "EX",
      "tmp_dir" : "tmp"
    },
    "files" : [ {
      "studyTitle" : [ "TGL05" ],
      "studyAttributes" : { },
      "experimentName" : [ ],
      "experimentAttributes" : { },
      "sampleName" : [ "TGL05_0005_Pb_R_PE_435_EX" ],
      "sampleAttributes" : {
        "geo_external_name" : [ [ "02-703" ] ],
        "geo_library_source_template_type" : [ [ "EX" ] ],
        "geo_organism" : [ [ "Homo sapiens" ] ],
        "geo_prep_kit" : [ [ "Agilent SureSelect Human All Exon V6 Cosmic" ] ],
        "geo_purpose" : [ [ "Library" ] ],
        "geo_receive_date" : [ [ "2017-06-06" ] ],
        "geo_run_id_and_position" : [ [ "1969_1" ] ],
        "geo_str_result" : [ [ "Not Submitted" ] ],
        "geo_targeted_resequencing" : [ [ "Agilent SureSelect Human All Exon V6 Cosmic" ] ],
        "geo_template_type" : [ [ "Illumina PE Library" ] ],
        "geo_tissue_origin" : [ [ "Pb" ] ],
        "geo_tissue_preparation" : [ [ "Blood" ] ],
        "geo_tissue_type" : [ [ "R" ] ]
      },
      "sequencerRunName" : [ "170609_NB551051_0017_AHLFFJBGX2" ],
      "sequencerRunAttributes" : {
        "instrument_name" : [ [ "NB551051" ] ]
      },
      "laneName" : [ "170609_NB551051_0017_AHLFFJBGX2_lane_1" ],
      "laneAttributes" : { },
      "iusTag" : [ "ACAGCAGA" ],
      "iusAttributes" : { },
      "workflowName" : [ "BamMergePreprocessing" ],
      "processingAlgorithm" : [ "ProvisionFiles" ],
      "processingAttributes" : { },
      "fileMetaType" : [ "application/bam" ],
      "fileAttributes" : {
        "aligner" : [ [ "BwaMem" ] ],
        "cvterms" : [ [ "EDAM:format_2572,EDAM:operation_2089" ] ]
      },
      "fileId" : 1560400898
    }, {
      "studyTitle" : [ "TGL05" ],
      "studyAttributes" : { },
      "experimentName" : [ ],
      "experimentAttributes" : { },
      "sampleName" : [ "TGL05_0005_Pt_P_PE_281_EX" ],
      "sampleAttributes" : {
        "geo_external_name" : [ [ "02-703" ] ],
        "geo_library_source_template_type" : [ [ "EX" ] ],
        "geo_organism" : [ [ "Homo sapiens" ] ],
        "geo_prep_kit" : [ [ "Agilent SureSelect Human All Exon V6 Cosmic" ] ],
        "geo_purpose" : [ [ "Library" ] ],
        "geo_receive_date" : [ [ "2017-06-06" ] ],
        "geo_run_id_and_position" : [ [ "1966_1" ] ],
        "geo_str_result" : [ [ "Not Submitted" ] ],
        "geo_targeted_resequencing" : [ [ "Agilent SureSelect Human All Exon V6 Cosmic" ] ],
        "geo_template_type" : [ [ "Illumina PE Library" ] ],
        "geo_tissue_origin" : [ [ "Pt" ] ],
        "geo_tissue_preparation" : [ [ "FFPE" ] ],
        "geo_tissue_type" : [ [ "P" ] ]
      },
      "sequencerRunName" : [ "170608_NB551051_0016_AHLNC5BGX2" ],
      "sequencerRunAttributes" : {
        "instrument_name" : [ [ "NB551051" ] ]
      },
      "laneName" : [ "170608_NB551051_0016_AHLNC5BGX2_lane_1" ],
      "laneAttributes" : { },
      "iusTag" : [ "ACGTATCA" ],
      "iusAttributes" : { },
      "workflowName" : [ "BamMergePreprocessing" ],
      "processingAlgorithm" : [ "ProvisionFiles" ],
      "processingAttributes" : { },
      "fileMetaType" : [ "application/bam" ],
      "fileAttributes" : {
        "aligner" : [ [ "BwaMem" ] ],
        "cvterms" : [ [ "EDAM:format_2572,EDAM:operation_2089" ] ]
      },
      "fileId" : -510593422
    } ]
  }, {
    "workflowIni" : {
      "data_dir" : "data",
      "input_files_normal" : "/.mounts/labs/TGL/production2/seqware-results/BamMergePreprocessing_1.1/72249522/TGL05_0006_Pb_R_EX.sorted.filter.deduped.realign.recal.bam",
      "input_files_tumor" : "/.mounts/labs/TGL/production2/seqware-results/BamMergePreprocessing_1.1/72249522/TGL05_0006_Ov_P_EX.sorted.filter.deduped.realign.recal.bam",
      "java" : "${workflow_bundle_dir}/Workflow_Bundle_Sequenza/1.0/bin/jre1.7.0_51/bin/java",
      "library" : "library",
      "manual_output" : "false",
      "metadata" : "metadata",
      "output_dir" : "seqware-results",
      "pypy" : "/.mounts/labs/PDE/Modules/modulefiles/pypy-tgl/pypy2-v5.7.1-linux64/bin/pypy",
      "rLib" : "/.mounts/labs/gsiprojects/gsi/tools/R_libs",
      "ref_fasta" : "/.mounts/labs/PDE/data/gatkAnnotationResources/hg19_random.fa",
      "rpath" : "/.mounts/labs/PDE/Modules/sw/R/R-3.3.0",
      "run" : "run",
      "run_sequenza_rscript" : "true",
      "run_sequenza_utils" : "true",
      "samtools" : "/oicr/local/analysis/sw//samtools/samtools-0.1.18/samtools",
      "sequenza_bin_data_hg19" : "/.mounts/labs/PDE/Modules/modulefiles/sequenza/hg19_random.gc50Base.txt.gz ",
      "sequenza_rscript" : "/.mounts/labs/PDE/Modules/modulefiles/sequenza/run_sequenza.R",
      "sequenza_rscript_mem" : "64",
      "sequenza_utils_mem" : "32",
      "sequenza_utils_script" : "/.mounts/labs/PDE/Modules/modulefiles/sequenza/sequenza-utils.py ",
      "template_type" : "EX",
      "tmp_dir" : "tmp"
    },
    "files" : [ {
      "studyTitle" : [ "TGL05" ],
      "studyAttributes" : { },
      "experimentName" : [ ],
      "experimentAttributes" : { },
      "sampleName" : [ "TGL05_0006_Ov_P_PE_361_EX" ],
      "sampleAttributes" : {
        "geo_external_name" : [ [ "01-804" ] ],
        "geo_library_source_template_type" : [ [ "EX" ] ],
        "geo_organism" : [ [ "Homo sapiens" ] ],
        "geo_prep_kit" : [ [ "Agilent SureSelect Human All Exon V6 Cosmic" ] ],
        "geo_purpose" : [ [ "Library" ] ],
        "geo_receive_date" : [ [ "2017-06-06" ] ],
        "geo_run_id_and_position" : [ [ "1966_1" ] ],
        "geo_str_result" : [ [ "Not Submitted" ] ],
        "geo_targeted_resequencing" : [ [ "Agilent SureSelect Human All Exon V6 Cosmic" ] ],
        "geo_template_type" : [ [ "Illumina PE Library" ] ],
        "geo_tissue_origin" : [ [ "Ov" ] ],
        "geo_tissue_preparation" : [ [ "FFPE" ] ],
        "geo_tissue_type" : [ [ "P" ] ]
      },
      "sequencerRunName" : [ "170608_NB551051_0016_AHLNC5BGX2" ],
      "sequencerRunAttributes" : {
        "instrument_name" : [ [ "NB551051" ] ]
      },
      "laneName" : [ "170608_NB551051_0016_AHLNC5BGX2_lane_1" ],
      "laneAttributes" : { },
      "iusTag" : [ "CTAAGGTC" ],
      "iusAttributes" : { },
      "workflowName" : [ "BamMergePreprocessing" ],
      "processingAlgorithm" : [ "ProvisionFiles" ],
      "processingAttributes" : { },
      "fileMetaType" : [ "application/bam" ],
      "fileAttributes" : {
        "aligner" : [ [ "BwaMem" ] ],
        "cvterms" : [ [ "EDAM:format_2572,EDAM:operation_2089" ] ]
      },
      "fileId" : 2003238012
    }, {
      "studyTitle" : [ "TGL05" ],
      "studyAttributes" : { },
      "experimentName" : [ ],
      "experimentAttributes" : { },
      "sampleName" : [ "TGL05_0006_Pb_R_PE_416_EX" ],
      "sampleAttributes" : {
        "geo_external_name" : [ [ "01-804" ] ],
        "geo_library_source_template_type" : [ [ "EX" ] ],
        "geo_organism" : [ [ "Homo sapiens" ] ],
        "geo_prep_kit" : [ [ "Agilent SureSelect Human All Exon V6 Cosmic" ] ],
        "geo_purpose" : [ [ "Library" ] ],
        "geo_receive_date" : [ [ "2017-06-06" ] ],
        "geo_run_id_and_position" : [ [ "1969_1" ] ],
        "geo_str_result" : [ [ "Not Submitted" ] ],
        "geo_targeted_resequencing" : [ [ "Agilent SureSelect Human All Exon V6 Cosmic" ] ],
        "geo_template_type" : [ [ "Illumina PE Library" ] ],
        "geo_tissue_origin" : [ [ "Pb" ] ],
        "geo_tissue_preparation" : [ [ "Blood" ] ],
        "geo_tissue_type" : [ [ "R" ] ]
      },
      "sequencerRunName" : [ "170609_NB551051_0017_AHLFFJBGX2" ],
      "sequencerRunAttributes" : {
        "instrument_name" : [ [ "NB551051" ] ]
      },
      "laneName" : [ "170609_NB551051_0017_AHLFFJBGX2_lane_1" ],
      "laneAttributes" : { },
      "iusTag" : [ "CATACCAA" ],
      "iusAttributes" : { },
      "workflowName" : [ "BamMergePreprocessing" ],
      "processingAlgorithm" : [ "ProvisionFiles" ],
      "processingAttributes" : { },
      "fileMetaType" : [ "application/bam" ],
      "fileAttributes" : {
        "aligner" : [ [ "BwaMem" ] ],
        "cvterms" : [ [ "EDAM:format_2572,EDAM:operation_2089" ] ]
      },
      "fileId" : -178068209
    } ]
  }, {
    "workflowIni" : {
      "data_dir" : "data",
      "input_files_normal" : "/.mounts/labs/TGL/production2/seqware-results/BamMergePreprocessing_1.1/95271390/TGL05_0007_Pb_R_EX.sorted.filter.deduped.realign.recal.bam",
      "input_files_tumor" : "/.mounts/labs/TGL/production2/seqware-results/BamMergePreprocessing_1.1/95271390/TGL05_0007_Np_P_EX.sorted.filter.deduped.realign.recal.bam",
      "java" : "${workflow_bundle_dir}/Workflow_Bundle_Sequenza/1.0/bin/jre1.7.0_51/bin/java",
      "library" : "library",
      "manual_output" : "false",
      "metadata" : "metadata",
      "output_dir" : "seqware-results",
      "pypy" : "/.mounts/labs/PDE/Modules/modulefiles/pypy-tgl/pypy2-v5.7.1-linux64/bin/pypy",
      "rLib" : "/.mounts/labs/gsiprojects/gsi/tools/R_libs",
      "ref_fasta" : "/.mounts/labs/PDE/data/gatkAnnotationResources/hg19_random.fa",
      "rpath" : "/.mounts/labs/PDE/Modules/sw/R/R-3.3.0",
      "run" : "run",
      "run_sequenza_rscript" : "true",
      "run_sequenza_utils" : "true",
      "samtools" : "/oicr/local/analysis/sw//samtools/samtools-0.1.18/samtools",
      "sequenza_bin_data_hg19" : "/.mounts/labs/PDE/Modules/modulefiles/sequenza/hg19_random.gc50Base.txt.gz ",
      "sequenza_rscript" : "/.mounts/labs/PDE/Modules/modulefiles/sequenza/run_sequenza.R",
      "sequenza_rscript_mem" : "64",
      "sequenza_utils_mem" : "32",
      "sequenza_utils_script" : "/.mounts/labs/PDE/Modules/modulefiles/sequenza/sequenza-utils.py ",
      "template_type" : "EX",
      "tmp_dir" : "tmp"
    },
    "files" : [ {
      "studyTitle" : [ "TGL05" ],
      "studyAttributes" : { },
      "experimentName" : [ ],
      "experimentAttributes" : { },
      "sampleName" : [ "TGL05_0007_Np_P_PE_330_EX" ],
      "sampleAttributes" : {
        "geo_external_name" : [ [ "02-901" ] ],
        "geo_library_source_template_type" : [ [ "EX" ] ],
        "geo_organism" : [ [ "Homo sapiens" ] ],
        "geo_prep_kit" : [ [ "Agilent SureSelect Human All Exon V6 Cosmic" ] ],
        "geo_purpose" : [ [ "Library" ] ],
        "geo_receive_date" : [ [ "2017-06-06" ] ],
        "geo_run_id_and_position" : [ [ "1967_1" ] ],
        "geo_str_result" : [ [ "Not Submitted" ] ],
        "geo_targeted_resequencing" : [ [ "Agilent SureSelect Human All Exon V6 Cosmic" ] ],
        "geo_template_type" : [ [ "Illumina PE Library" ] ],
        "geo_tissue_origin" : [ [ "Np" ] ],
        "geo_tissue_preparation" : [ [ "FFPE" ] ],
        "geo_tissue_type" : [ [ "P" ] ]
      },
      "sequencerRunName" : [ "170608_NB551056_0015_AHLJ7LBGX2" ],
      "sequencerRunAttributes" : {
        "instrument_name" : [ [ "NB551056" ] ]
      },
      "laneName" : [ "170608_NB551056_0015_AHLJ7LBGX2_lane_1" ],
      "laneAttributes" : { },
      "iusTag" : [ "CGACACAC" ],
      "iusAttributes" : { },
      "workflowName" : [ "BamMergePreprocessing" ],
      "processingAlgorithm" : [ "ProvisionFiles" ],
      "processingAttributes" : { },
      "fileMetaType" : [ "application/bam" ],
      "fileAttributes" : {
        "aligner" : [ [ "BwaMem" ] ],
        "cvterms" : [ [ "EDAM:format_2572,EDAM:operation_2089" ] ]
      },
      "fileId" : 1645512065
    }, {
      "studyTitle" : [ "TGL05" ],
      "studyAttributes" : { },
      "experimentName" : [ ],
      "experimentAttributes" : { },
      "sampleName" : [ "TGL05_0007_Pb_R_PE_433_EX" ],
      "sampleAttributes" : {
        "geo_external_name" : [ [ "02-901" ] ],
        "geo_library_source_template_type" : [ [ "EX" ] ],
        "geo_organism" : [ [ "Homo sapiens" ] ],
        "geo_prep_kit" : [ [ "Agilent SureSelect Human All Exon V6 Cosmic" ] ],
        "geo_purpose" : [ [ "Library" ] ],
        "geo_receive_date" : [ [ "2017-06-06" ] ],
        "geo_run_id_and_position" : [ [ "1969_1" ] ],
        "geo_str_result" : [ [ "Not Submitted" ] ],
        "geo_targeted_resequencing" : [ [ "Agilent SureSelect Human All Exon V6 Cosmic" ] ],
        "geo_template_type" : [ [ "Illumina PE Library" ] ],
        "geo_tissue_origin" : [ [ "Pb" ] ],
        "geo_tissue_preparation" : [ [ "Blood" ] ],
        "geo_tissue_type" : [ [ "R" ] ]
      },
      "sequencerRunName" : [ "170609_NB551051_0017_AHLFFJBGX2" ],
      "sequencerRunAttributes" : {
        "instrument_name" : [ [ "NB551051" ] ]
      },
      "laneName" : [ "170609_NB551051_0017_AHLFFJBGX2_lane_1" ],
      "laneAttributes" : { },
      "iusTag" : [ "CAATGGAA" ],
      "iusAttributes" : { },
      "workflowName" : [ "BamMergePreprocessing" ],
      "processingAlgorithm" : [ "ProvisionFiles" ],
      "processingAttributes" : { },
      "fileMetaType" : [ "application/bam" ],
      "fileAttributes" : {
        "aligner" : [ [ "BwaMem" ] ],
        "cvterms" : [ [ "EDAM:format_2572,EDAM:operation_2089" ] ]
      },
      "fileId" : -1369971185
    } ]
  } ]
}